// Jest Snapshot v1, https://goo.gl/fbAQLP

exports[`CardImageComponent sould render <CardImage /> 1`] = `
Array [
  <div>
    <img
        alt="react-phonebook!"
        src="friends.jpeg"
    />
    <h2>
        react-phonebook!
    </h2>
</div>,
]
`;
